---
source: crates/tokmd-types/tests/snapshots.rs
expression: totals
---
{
  "old_code": 0,
  "new_code": 0,
  "delta_code": 0,
  "old_lines": 0,
  "new_lines": 0,
  "delta_lines": 0,
  "old_files": 0,
  "new_files": 0,
  "delta_files": 0,
  "old_bytes": 0,
  "new_bytes": 0,
  "delta_bytes": 0,
  "old_tokens": 0,
  "new_tokens": 0,
  "delta_tokens": 0
}
