---
source: crates/tokmd-format/tests/analysis_format/snapshot_w70.rs
assertion_line: 343
expression: out
---
{
  "@context": "https://schema.org",
  "@type": "SoftwareSourceCode",
  "codeLines": 1200,
  "commentCount": 150,
  "fileSize": 12000,
  "interactionStatistic": {
    "@type": "InteractionCounter",
    "interactionType": "http://schema.org/ReadAction",
    "userInteractionCount": 3000
  },
  "lineCount": 1430,
  "name": "."
}
