---
source: crates/tokmd-format/tests/analysis_format/snapshots.rs
assertion_line: 326
expression: rendered
---
{
  "@context": "https://schema.org",
  "@type": "SoftwareSourceCode",
  "codeLines": 500,
  "commentCount": 80,
  "fileSize": 5000,
  "interactionStatistic": {
    "@type": "InteractionCounter",
    "interactionType": "http://schema.org/ReadAction",
    "userInteractionCount": 1200
  },
  "lineCount": 620,
  "name": "."
}
