---
source: crates/tokmd-format/tests/analysis_format/analysis_snapshot_w58.rs
assertion_line: 550
expression: "text(render(&r, AnalysisFormat::Md).unwrap())"
---
# tokmd analysis

Preset: `receipt`

## Inputs

- `.`

## Imports

- Granularity: `module`

|From|To|Count|
|---|---|---:|
|core|types|25|
|format|types|18|
|cli|core|12|
