---
source: crates/tokmd/tests/cli_snapshot_golden.rs
expression: normalize(&stdout)
---
{"schema_version":2,"generated_at_ms":0,"tool":{"name":"tokmd","version":"0.0.0"},"mode":"lang","status":"complete","warnings":[],"scan":{"paths":["<ROOT>"],"excluded":[],"config":"auto","hidden":false,"no_ignore":false,"no_ignore_parent":false,"no_ignore_dot":false,"no_ignore_vcs":false,"treat_doc_strings_as_comments":false},"args":{"format":"json","top":0,"with_files":false,"children":"collapse"},"rows":[{"lang":"Rust","code":13,"lines":15,"files":3,"bytes":240,"tokens":59,"avg_lines":5},{"lang":"TOML","code":8,"lines":9,"files":1,"bytes":165,"tokens":41,"avg_lines":9},{"lang":"Markdown","code":4,"lines":12,"files":2,"bytes":148,"tokens":36,"avg_lines":6},{"lang":"JavaScript","code":1,"lines":1,"files":1,"bytes":30,"tokens":7,"avg_lines":1}],"total":{"code":26,"lines":37,"files":7,"bytes":583,"tokens":143,"avg_lines":5},"with_files":false,"children":"collapse","top":0}
