---
source: crates/tokmd/tests/integration.rs
expression: normalized
---
{"type":"meta","schema_version":2,"generated_at_ms":0,"tool":{"name":"tokmd","version":"0.0.0"},"mode":"export","status":"complete","warnings":[],"scan":{"paths":["a2b910880c859d38"],"excluded":[],"config":"auto","hidden":false,"no_ignore":false,"no_ignore_parent":false,"no_ignore_dot":false,"no_ignore_vcs":false,"treat_doc_strings_as_comments":false},"args":{"format":"jsonl","module_roots":["ac60a909c4d748dc","f90e44b6b768bdb1"],"module_depth":2,"children":"separate","min_code":0,"max_rows":0,"redact":"all","strip_prefix":null}}
{"type":"row","path":"ec412fe02b918085.rs","module":"dc7d8b23b8f3eaed","lang":"Rust","kind":"parent","code":9,"comments":2,"blanks":0,"lines":11,"bytes":182,"tokens":45}
{"type":"row","path":"68b5adcb475d360a.toml","module":"dc7d8b23b8f3eaed","lang":"TOML","kind":"parent","code":8,"comments":0,"blanks":1,"lines":9,"bytes":165,"tokens":41}
{"type":"row","path":"04192a9669bb483a.md","module":"dc7d8b23b8f3eaed","lang":"Markdown","kind":"parent","code":4,"comments":5,"blanks":2,"lines":11,"bytes":118,"tokens":29}
{"type":"row","path":"04192a9669bb483a.md","module":"dc7d8b23b8f3eaed","lang":"Rust","kind":"child","code":3,"comments":0,"blanks":0,"lines":3,"bytes":0,"tokens":0}
{"type":"row","path":"6d9bc68d5fc74f69.rs","module":"bc9484ce4b0ea310","lang":"Rust","kind":"parent","code":3,"comments":0,"blanks":0,"lines":3,"bytes":45,"tokens":11}
{"type":"row","path":"04192a9669bb483a.md","module":"dc7d8b23b8f3eaed","lang":"JavaScript","kind":"child","code":1,"comments":0,"blanks":0,"lines":1,"bytes":0,"tokens":0}
{"type":"row","path":"4c48461507b161b0.js","module":"dc7d8b23b8f3eaed","lang":"JavaScript","kind":"parent","code":1,"comments":0,"blanks":0,"lines":1,"bytes":30,"tokens":7}
{"type":"row","path":"dfb44fec50289bbf.rs","module":"dc7d8b23b8f3eaed","lang":"Rust","kind":"parent","code":1,"comments":0,"blanks":0,"lines":1,"bytes":13,"tokens":3}
{"type":"row","path":"0a096ba47097b79d.md","module":"dc7d8b23b8f3eaed","lang":"Markdown","kind":"parent","code":0,"comments":1,"blanks":0,"lines":1,"bytes":30,"tokens":7}
