---
source: crates/tokmd-format/tests/deep_format_w47.rs
expression: "render_diff_md(\"v1.0\", \"v2.0\", &rows, &totals)"
---
## Diff: v1.0 → v2.0

### Summary

|Metric|From|To|Delta|Change|
|---|---:|---:|---:|---:|
|LOC|500|1000|+500|+100.0%|
|Lines|600|1210|+610|+101.7%|
|Files|5|10|+5|+100.0%|
|Bytes|20000|39200|+19200|+96.0%|
|Tokens|1000|2000|+1000|+100.0%|

### Language Movement

|Type|Count|
|---|---:|
|Changed|2|
|Added|1|
|Removed|0|
|Modified|1|

### Language Breakdown

|Language|Old LOC|New LOC|Delta|
|---|---:|---:|---:|
|Python|0|200|+200|
|Rust|500|800|+300|
|**Total**|500|1000|+500|
