---
source: crates/tokmd/src/analysis_explain/tests/snapshots.rs
expression: text
---
Available metric/finding keys:
- archetype
- avg_cognitive
- avg_cyclomatic
- bus_factor
- code_age_distribution
- complexity_histogram
- context_window_fit
- coupling
- doc_density
- duplicate_waste
- duplication_density
- entropy_suspects
- freshness
- gini
- halstead
- hotspots
- imports
- license_radar
- maintainability_index
- max_cyclomatic
- max_nesting_depth
- polyglot_entropy
- predictive_churn
- technical_debt_ratio
- test_density
- todo_density
- verbosity
- whitespace_ratio
